Week 1
Monday, 15 June 2020 (NORMAL)
John Smith




